开始获取数据：20260724（模式：beginner）
data_quality_log 写入完成
策略反馈已刷新：近5日 6 条
交易计划已保存：D:\code\testStock\reports\daily\trade_plan_20260724.json
交易计划已保存：D:\code\testStock\reports\daily\trade_plan_20260724.md
摘要已保存：D:\code\testStock\reports\daily\daily_summary_20260724.json
准备写入 stock_signal：25 条候选
stock_signal 同日信号集合替换完成：25 条
候选特征快照写入完成：25 条
---
date: 2026-07-24
market_score: 27.1
market_status: 弱势分化
sentiment_score: 43.2
sentiment_stage: 退潮
position_cap: 0成
data_confidence: 80
---

# A股每日复盘 | 2026-07-24（周五）

## 0. 今日结论

**一句话：** 空仓模式。亏钱效应或交易限制较强，今日不宜开新仓。

**交易纪律：**
- 当前模式：空仓
- 实盘建议：不开新仓；模拟观察仓位最多 0成，单票不超过 1成
- 可以做：复盘观察、等待修复
- 不要做：新开仓、追涨、补仓摊平
- 最重要验证：2026中报预增、昨日高换手、电力设备 能否继续承接

**今日执行：**
- 只看：2026中报预增、昨日高换手、电力设备
- 回避：光通信模块、半导体、5G概念
- 复盘价位：等待修复，不开新仓
- 放弃信号：绿盘占比仍高于60%，放弃扩散交易

| 项目 | 结论 |
|------|------|
| 市场综合评分 | 27.1 / 100 |
| 市场状态 | 弱势分化 |
| 短线情绪阶段 | 退潮 |
| 实盘仓位 | 不开新仓 |
| 模拟观察仓位上限 | 0成 |
| 单票上限 | 1成 |
| 数据可信度 | 80 / 100 |

**市场原始摘要：** 市场普跌但局部热点仍活跃，短线生态与全市场赚钱效应背离，不宜开新仓。

---

## 1. 昨日观察池兑现复盘（T+1）

| 项目 | 结果 |
|------|------|
| 信号日期 | 20260723 |
| 评价日期 | 20260724 |
| 昨日策略信号 | 30条 |
| 涉及股票 | 20只 |
| 实际评价数量 | 29 |
| 1日覆盖率 | 96.67% |
| 学习样本状态 | 高质量样本 |
| 学习权重 | 1.0 |
| 学习处理 | 进入高质量训练集 |
| 平均次日收益 | -3.62% |
| 次日胜率 | 20.69% |
| 分层倒挂 | 否 |
| 风险预警 | 无 |
| 结论等级 | observe_only |

**表现较好：**

| 股票 | 昨日层级 | 今日表现 | 反馈 |
|------|----------|----------|------|
| 长缆科技 | 谨慎 | 9.99% | 信号日涨幅接近涨停，次日追高风险较高；5日涨幅偏大，短线位置偏高 |
| 甘咨询 | 观察 | 6.28% | T+1跌破关键均线：MA5/MA10 |
| 金牛化工 | 谨慎 | 4.86% | 信号日涨幅接近涨停，次日追高风险较高；5日涨幅偏大，短线位置偏高 |

**表现较弱：**

| 股票 | 昨日层级 | 今日表现 | 错因/风险 |
|------|----------|----------|-----------|
| 证通电子 | 谨慎 | -10.04% | 信号日涨幅接近涨停，次日追高风险较高；5日涨幅偏大，短线位置偏高；… |
| 华电辽能 | 谨慎 | -9.99% | 信号日涨幅接近涨停，次日追高风险较高；5日涨幅偏大，短线位置偏高；… |
| 杭电股份 | 观察 | -9.81% | T+1跌破关键均线：MA5/MA10/MA20 |

---

### 反馈摘要

- 昨日观察池胜率 20.69%，平均收益 -3.62%。
- 近期高风险模式：信号日接近涨停的票次日风险高；跌破MA的票需降低权重
- 表现较好样本：长缆科技、甘咨询、金牛化工。

## 2. 市场与交易环境

**结论：** 市场宽度偏弱，机会集中在少数方向，不适合普买。

| 维度 | 当前状态 | 对交易的影响 |
|------|----------|--------------|
| 市场综合评分 | 27.1 / 100 | 可参考但不代表普遍赚钱 |
| 市场宽度 | 偏弱 | 多数个股赚钱难 |
| 赚钱效应 | 分化偏弱 | 涨跌比和绿盘占比显示市场宽度明显偏弱，亏钱效应较为普遍。 |
| 弱市检查 | 触发 2/4 | 全市场普跌明显，只复盘不主动开仓 |
| 市场量能 | 19445亿 | 观察量能是否继续配合 |
| 仓位边界 | 0成 | 空仓模式下不突破上限 |

触发项：绿盘占比 > 60%、昨涨停今表现差。未触发：涨跌停比 < 1、3板以上稀少。

---

## 3. 市场证据

### 3.1 指数与宽度
- 指数：上证指数 -1.61%；深证成指 -2.47%；创业板指 -2.65%
- 宽度：上涨 555 / 下跌 4940，绿盘占比 89.4%，涨跌比 0.11

### 3.2 弱市与情绪
| 维度 | 当前值 | 判断 |
|------|--------|------|
| 弱市不做 | 宽度极弱，触发 2/4 | 全市场普跌明显，只复盘不主动开仓 |
| 触发项 | 绿盘占比 > 60%、昨涨停今表现差 | 影响仓位和参与度 |
| 短线情绪 | 43.2 / 100，退潮 | 赚钱效应减弱，建议降低仓位 |
| 涨停/炸板 | 涨停 50 家，炸板率 49.5% | 触板 99 / 炸板 49 |
| 昨日涨停反馈 | -0.48%，胜率 33% | 昨日涨停池 T+1 |
| 连板高度 / 3板+ | 4板 / 4只 | 来自涨停生态日表；高标梯队数量 |

---

## 4. 资金流向

### 行业 3日流入 TOP5
| 板块 | 涨幅 | 成交占比 | 变化 |
|---|---|---|---|
| 电力设备 | -3.03% | 8.10% | +1.99个百分点 |
| 电网设备 | -2.97% | 2.66% | +1.34个百分点 |
| 基础化工 | -2.74% | 4.93% | +0.83个百分点 |
| 输变电设备 | -1.51% | 1.16% | +0.72个百分点 |
| 公用事业 | -4.22% | 3.46% | +0.57个百分点 |


### 行业 3日流出 TOP5
| 板块 | 涨幅 | 成交占比 | 变化 |
|---|---|---|---|
| 电子 | -1.34% | 29.62% | -3.24个百分点 |
| 通信 | -2.60% | 6.80% | -2.19个百分点 |
| 通信设备 | -2.34% | 6.16% | -2.02个百分点 |
| 半导体 | -0.01% | 17.91% | -1.62个百分点 |
| 通信网络设备及器件 | -2.25% | 4.23% | -1.59个百分点 |


### 产业概念 3日流入 TOP5
| 概念 | 涨幅 | 成交占比 | 变化 |
|---|---|---|---|
| 2026中报预增 | -2.99% | 31.80% | +3.62个百分点 |
| 昨日高换手 | -5.47% | 6.59% | +2.12个百分点 |
| 破增发价股 | -2.76% | 8.32% | +1.44个百分点 |

> 过滤动态标签后，产业概念仅 3 个，不强行补位。

### 产业概念 3日流出 TOP5
| 概念 | 涨幅 | 成交占比 | 变化 |
|---|---|---|---|
| 通信技术 | -2.57% | 20.41% | -3.91个百分点 |
| 5G概念 | -2.75% | 16.50% | -3.70个百分点 |
| 国产芯片 | -1.66% | 24.16% | -2.85个百分点 |
| 光通信模块 | -2.32% | 8.84% | -2.60个百分点 |

> 过滤动态标签后，产业概念仅 4 个，不强行补位。

### 资金流向结论

| 项目 | 方向 | 动作 |
|------|------|------|
| 主攻观察 | 2026中报预增、昨日高换手、电力设备 | 只看核心低吸 |
| 退潮回避 | 光通信模块、半导体、5G概念 | 降低追高优先级 |
| 明日执行 | 结合主线与宽度 | 市场宽度偏弱，资金流入方向也只做观察，不扩散普买 |

---

## 5. 主线分析

### 5.1 有效主线 / 观察主线

| 方向 | 阶段 | 强度 | 处理 |
|------|------|------|------|
| 2026中报预增 | 观察主线 / 成交占比提升 | 3日+3.62pct | 只看核心（市场宽度偏弱，只作观察） |
| 昨日高换手 | 观察主线 / 成交占比提升 | 3日+2.12pct | 只看核心（市场宽度偏弱，只作观察） |
| 电力设备 | 观察主线 / 成交占比提升 | 3日+1.99pct | 只看核心（市场宽度偏弱，只作观察） |
| 破增发价股 | 观察主线 / 成交占比提升 | 3日+1.44pct | 只看核心（市场宽度偏弱，只作观察） |
| 电网设备 | 观察主线 / 成交占比提升 | 3日+1.34pct | 只看核心（市场宽度偏弱，只作观察） |

### 5.2 退潮方向

| 方向 | 阶段 | 依据 | 处理 |
|------|------|------|------|
| 光通信模块 | 资金流出 / 退潮观察 | 3日变化 -2.60个百分点 | 回避 |
| 半导体 | 资金流出 / 退潮观察 | 3日变化 -2.85个百分点 | 回避 |
| 5G概念 | 资金流出 / 退潮观察 | 3日变化 -3.70个百分点 | 回避 |
| 通信技术 | 资金流出 / 退潮观察 | 3日变化 -3.91个百分点 | 回避 |

**主线结论：** 今日没有全市场级别主线，但存在局部结构方向：2026中报预增、昨日高换手、电力设备、破增发价股。市场宽度偏弱，只作为观察主线，不宜扩散到普买。

---

## 6. 风险提示

### 6.1 市场风险
- 绿盘占比 89.4%，多数个股下跌，指数表现不能代表全市场赚钱效应。
- 涨跌比偏弱，市场宽度不足。
- 市场综合评分偏低，整体偏弱。
- 弱市触发条件较多，逆势机会只做复盘，不作为主动买入依据。

### 6.2 板块风险
- 光通信模块、半导体、5G概念、通信技术 短期资金流出，相关个股降低追高优先级。
- 虽有局部方向资金流入，但市场宽度偏弱，持续性仍需验证。

### 6.3 观察池风险
- 多只候选来自 N字异动/二次起爆（9只），一旦市场宽度继续走弱，容易冲高回落。
- 谨慎观察层 17 只股票不应和可观察层同等对待。
- N字异动 近5日反馈偏弱，样本28，胜率43%，失败率46%，近5日失败率/回撤偏高，策略短期需要回避，相关候选自动降级。
- 板块联动 近5日反馈偏弱，样本24，胜率50%，失败率46%，近5日失败率/回撤偏高，策略短期需要回避，相关候选自动降级。
- 短线强势 近5日反馈偏弱，样本30，胜率33%，失败率50%，近5日失败率/回撤偏高，策略短期需要回避，相关候选自动降级。

### 6.4 明日失效条件
- 若市场宽度仍未修复，继续只复盘不主动开仓。
- 绿盘占比未降至 60% 以下前，不做扩散普买。
- 2026中报预增、昨日高换手、电力设备 若跌出主线观察，相关个股只保留复盘价值。
- N字异动 近5日反馈偏弱，样本28，胜率43%，失败率46%，近5日失败率/回撤偏高，策略短期需要回避，同策略新票继续先降级。

### 6.5 纠偏摘要
- 降级 10 只，其中强降级 10 只。
- 主要原因：非今日主线12只、高位/过热12只、策略反馈21只。
- 示例：星帅尔、甘咨询、滨化股份。

---

## 7. 观察池

> 当前为空仓模式，表内价位仅用于复盘观察，不代表今日可买。

### 7.1 候选低吸（0只）

暂无

### 7.2 只观察（0只）

暂无

### 7.3 交易条件不满足（15只）

| 股票 | 策略 | 方向 | 复盘价位 | 目标 | 止损 | 不买原因 |
|------|------|------|------|------|------|----------|
| 星帅尔 | 滚雪球趋势 / 二次起爆 | 家用电器 | 17.43~18.15 | 19.57 | 16.9 | 策略反馈偏弱，只观察 |
| 甘咨询 | 一次起爆 / N字异动 | 工程咨询服务 | 9.79~10.19 | 10.99 | 9.49 | 策略反馈偏弱，只观察 |
| 通富微电 | 一次起爆 / 板块联动 | 半导体 | 75.11~78.17 | 84.3 | 72.81 | 位置偏高，不追高 |
| 狮头股份 | 一次起爆 | 互联网电商 | 18.14~18.88 | 20.36 | 17.58 | 位置偏高，不追高 |
| 滨化股份 | 一次起爆 / 短线强势 | 半导体 | 6.41~6.67 | 7.19 | 6.21 | 策略反馈偏弱，只观察 |
| 紫光股份 | N字异动 | 半导体 | 39.79~41.45 | 47.67 | 38.13 | 策略反馈偏弱，只观察 |
| 汉森制药 | N字异动 | 中药 | 6.81~7.09 | 8.15 | 6.52 | 策略反馈偏弱，只观察 |
| 贝肯能源 | N字异动 | 油服工程 | 11.93~12.43 | 14.29 | 11.44 | 策略反馈偏弱，只观察 |
| 金牛化工 | 二次起爆 | 昨日高换手 | 11.2~11.66 | 12.57 | 10.86 | 位置偏高，不追高 |
| 快意电梯 | 二次起爆 | 专用设备 | 17.29~17.99 | 19.4 | 16.76 | 策略反馈偏弱，只观察 |
| 有研新材 | 板块联动 | 半导体 | 42.68~44.44 | 48.4 | 41.8 | 策略反馈偏弱，只观察 |
| 深科技 | 板块联动 | 半导体 | 40.73~42.41 | 46.19 | 39.89 | 策略反馈偏弱，只观察 |
| 高德红外 | 板块联动 | 半导体 | 13.93~14.5 | 15.8 | 13.64 | 策略反馈偏弱，只观察 |
| 盈方微 | 板块联动 | 半导体 | 6.15~6.4 | 6.97 | 6.02 | 位置偏高，不追高 |
| 孚日股份 | 短线强势 | 棉纺 | 11.29~11.75 | 12.67 | 10.94 | 位置偏高，不追高 |

### 7.4 高风险回避（6只）

| 股票 | 策略来源 | 高风险原因 | 只复盘不买原因 |
|------|----------|------------|----------------|
| 艾艾精工 | 一次起爆 | 位置/涨幅过高 | 风险偏高，仅复盘 |
| 魅视科技 | N字异动 | 位置/涨幅过高 | 风险偏高，仅复盘 |
| 长缆科技 | 二次起爆 | 位置/涨幅过高 | 风险偏高，仅复盘 |
| 立新能源 | 短线强势 | 位置/涨幅过高 | 风险偏高，仅复盘 |
| 太阳电缆 | 短线强势 | 位置/涨幅过高 | 风险偏高，仅复盘 |
| 新能股份 | 短线强势 | 位置/涨幅过高 | 风险偏高，仅复盘 |

### 7.5 不可交易过滤（0只）

暂无


---

## 8. 明日验证清单

1. 2026中报预增、昨日高换手、电力设备 能否继续承接
2. 市场宽度能否修复（绿盘占比降至 60% 以下）
3. 观察池分层是否继续有效（候选低吸强于只观察/高风险）

---

## 9. 交易计划摘要

> 当前仅适合模拟观察，不建议实盘买入。

- 实盘：不建议开仓 | 模拟观察：最多 0成 | 单票：1成
- 候选低吸：0 | 只观察：0 | 交易条件不满足：15 | 高风险回避：6 | 过滤：0

---

## 10. 纪律

- 不追高；
- 总仓位不超过 trade_plan 上限（0成）；
- 弱市不做，结构分化只做核心方向；
- 高风险复盘票只复盘，不作为正常买入候选；
- 数据可信度不足时，只观察不下结论；
- 本报告用于自动化复盘、风险提示和观察池生成，不构成实盘买卖建议。

---

## 11. 数据可信度

### 11.1 可信度拆分

| 项目 | 状态 | 说明 |
|------|------|------|
| 基础行情可信度 | 80 / 100 | 反映个股/板块基础行情是否可用 |
| 观察池指标覆盖 | 正常 | 观察池均线覆盖率 100%（25/25） |
| 全市场预筛覆盖 | 提示 | 66% 个股缺少均线数据；全市场预筛仅作广度参考 |
| 板块映射可信度 | 正常 | 映射表可用 |

### 11.2 数据明细

| 项目 | 状态 | 说明 |
|------|------|------|
| 个股数据 | 正常 | 今日获取 5527 只股票 |
| 行业板块 | 正常 | 今日获取 496 个行业板块 |
| 概念板块 | 正常 | 今日获取 495 个概念板块 |
| 板块行情数据 | 正常 | 板块涨跌幅、换手率等数据可用 |
| 数据库连接 | 重连成功 | 首次查询失败，重试后恢复 |
| 全市场均线覆盖 | 提示 | 66% 个股缺少均线数据；全市场预筛仅作广度参考 |
| 数据源 | 完整 | 主数据源：东方财富 |
| 量比字段 | 正常 | 量比数据可用 |
| 观察池均线 | 正常 | 观察池均线覆盖率 100%（25/25） |
| 数据说明 | 提示 | 报告可信度主要反映基础行情和板块数据可用性；由于全市场均线缺失比例较高，依赖均线的选股结果需降低权重。 |

**主要扣分项：**
- 板块历史数据不足 3 日，3日成交占比变化暂不展示。
- 板块历史数据不足 5 日，5日成交占比变化暂不展示。

**影响范围：**
- 市场和板块判断：影响较小；
- 全市场选股广度：受影响（均线数据缺失影响部分策略评分）；
- 当前观察池买入价/止损/均线判断：可参考（观察池均线覆盖率正常）。

---

## 免责声明

本报告仅用于数据复盘和学习，不构成任何投资建议。所有观察池标的均为基于公开行情数据的规则筛选结果，观察区间/参考压力位/风险失效位由策略公式生成，不代表未来价格走势。市场有风险，投资需谨慎。

> 数据源：AkShare | 生成时间：2026-07-24
报告已保存：reports\daily\daily_report_20260724.md
